15:34:39 **** Incremental Build of configuration Debug for project 5V_by_IRsensor ****
make -j16 all 
arm-none-eabi-gcc "../Src/main.c" -mcpu=cortex-m4 -std=gnu11 -g3 -DDEBUG -DSTM32 -DSTM32F4 -DSTM32F407VGTx -c -I../Inc -O0 -ffunction-sections -fdata-sections -Wall -fstack-usage -fcyclomatic-complexity -MMD -MP -MF"Src/main.d" -MT"Src/main.o" --specs=nano.specs -mfpu=fpv4-sp-d16 -mfloat-abi=hard -mthumb -o "Src/main.o"
arm-none-eabi-gcc -o "5V_by_IRsensor.elf" @"objects.list"   -mcpu=cortex-m4 -T"F:\STM32CubelDE Workspace\5V_by_IRsensor\STM32F407VGTX_FLASH.ld" --specs=nosys.specs -Wl,-Map="5V_by_IRsensor.map" -Wl,--gc-sections -static --specs=nano.specs -mfpu=fpv4-sp-d16 -mfloat-abi=hard -mthumb -Wl,--start-group -lc -lm -Wl,--end-group
Finished building target: 5V_by_IRsensor.elf
 
arm-none-eabi-size  5V_by_IRsensor.elf 
arm-none-eabi-objdump -h -S 5V_by_IRsensor.elf  > "5V_by_IRsensor.list"
   text	   data	    bss	    dec	    hex	filename
    748	      8	   1568	   2324	    914	5V_by_IRsensor.elf
Finished building: default.size.stdout
 
Finished building: 5V_by_IRsensor.list
 

15:34:41 Build Finished. 0 errors, 0 warnings. (took 1s.391ms)

