14:16:46 **** Incremental Build of configuration Debug for project adc ****
make -j16 all 
arm-none-eabi-gcc "../Src/main.c" -mcpu=cortex-m4 -std=gnu11 -g3 -DDEBUG -DSTM32 -DSTM32F4 -DSTM32F407VGTx -c -I../Inc -O0 -ffunction-sections -fdata-sections -Wall -fstack-usage -fcyclomatic-complexity -MMD -MP -MF"Src/main.d" -MT"Src/main.o" --specs=nano.specs -mfpu=fpv4-sp-d16 -mfloat-abi=hard -mthumb -o "Src/main.o"
arm-none-eabi-gcc -o "adc.elf" @"objects.list"   -mcpu=cortex-m4 -T"F:\STM32CubelDE Workspace\adc\STM32F407VGTX_FLASH.ld" --specs=nosys.specs -Wl,-Map="adc.map" -Wl,--gc-sections -static --specs=nano.specs -mfpu=fpv4-sp-d16 -mfloat-abi=hard -mthumb -Wl,--start-group -lc -lm -Wl,--end-group
Finished building target: adc.elf
 
arm-none-eabi-size  adc.elf 
arm-none-eabi-objdump -h -S adc.elf  > "adc.list"
   text	   data	    bss	    dec	    hex	filename
    936	      8	   1568	   2512	    9d0	adc.elf
Finished building: default.size.stdout
 
Finished building: adc.list
 

14:16:47 Build Finished. 0 errors, 0 warnings. (took 949ms)

