12:45:13 **** Incremental Build of configuration Debug for project CAN ****
make -j16 all 
arm-none-eabi-gcc "../Core/Src/main.c" -mcpu=cortex-m4 -std=gnu11 -g3 -DDEBUG -DUSE_HAL_DRIVER -DSTM32F407xx -c -I../Core/Inc -I../Drivers/STM32F4xx_HAL_Driver/Inc -I../Drivers/STM32F4xx_HAL_Driver/Inc/Legacy -I../Drivers/CMSIS/Device/ST/STM32F4xx/Include -I../Drivers/CMSIS/Include -O0 -ffunction-sections -fdata-sections -Wall -fstack-usage -fcyclomatic-complexity -MMD -MP -MF"Core/Src/main.d" -MT"Core/Src/main.o" --specs=nano.specs -mfpu=fpv4-sp-d16 -mfloat-abi=hard -mthumb -o "Core/Src/main.o"
../Core/Src/main.c: In function 'SystemClock_Config':
../Core/Src/main.c:59:24: warning: unused variable 'RCC_ClkInitStruct' [-Wunused-variable]
   59 |     RCC_ClkInitTypeDef RCC_ClkInitStruct = {0};
      |                        ^~~~~~~~~~~~~~~~~
../Core/Src/main.c:58:24: warning: unused variable 'RCC_OscInitStruct' [-Wunused-variable]
   58 |     RCC_OscInitTypeDef RCC_OscInitStruct = {0};
      |                        ^~~~~~~~~~~~~~~~~
arm-none-eabi-gcc -o "CAN.elf" @"objects.list"   -mcpu=cortex-m4 -T"F:\STM32CubelDE Workspace\CAN\STM32F407VGTX_FLASH.ld" --specs=nosys.specs -Wl,-Map="CAN.map" -Wl,--gc-sections -static --specs=nano.specs -mfpu=fpv4-sp-d16 -mfloat-abi=hard -mthumb -Wl,--start-group -lc -lm -Wl,--end-group
Finished building target: CAN.elf
 
arm-none-eabi-size  CAN.elf 
arm-none-eabi-objdump -h -S CAN.elf  > "CAN.list"
   text	   data	    bss	    dec	    hex	filename
   6064	     20	   1684	   7768	   1e58	CAN.elf
Finished building: default.size.stdout
 
Finished building: CAN.list
 

12:45:14 Build Finished. 0 errors, 2 warnings. (took 1s.47ms)

