10:19:44 **** Incremental Build of configuration Debug for project DAC_output_pinA4 ****
make -j16 all 
arm-none-eabi-gcc "../Src/main.c" -mcpu=cortex-m4 -std=gnu11 -g3 -DDEBUG -DSTM32 -DSTM32F4 -DSTM32F407VGTx -c -I../Inc -O0 -ffunction-sections -fdata-sections -Wall -fstack-usage -fcyclomatic-complexity -MMD -MP -MF"Src/main.d" -MT"Src/main.o" --specs=nano.specs -mfpu=fpv4-sp-d16 -mfloat-abi=hard -mthumb -o "Src/main.o"
arm-none-eabi-gcc -o "DAC_output_pinA4.elf" @"objects.list"   -mcpu=cortex-m4 -T"F:\STM32CubelDE Workspace\DAC_output_pinA4\STM32F407VGTX_FLASH.ld" --specs=nosys.specs -Wl,-Map="DAC_output_pinA4.map" -Wl,--gc-sections -static --specs=nano.specs -mfpu=fpv4-sp-d16 -mfloat-abi=hard -mthumb -Wl,--start-group -lc -lm -Wl,--end-group
Finished building target: DAC_output_pinA4.elf
 
arm-none-eabi-size  DAC_output_pinA4.elf 
arm-none-eabi-objdump -h -S DAC_output_pinA4.elf  > "DAC_output_pinA4.list"
   text	   data	    bss	    dec	    hex	filename
    912	      8	   1568	   2488	    9b8	DAC_output_pinA4.elf
Finished building: default.size.stdout
 
Finished building: DAC_output_pinA4.list
 

10:19:45 Build Finished. 0 errors, 0 warnings. (took 963ms)

