09:48:01 **** Incremental Build of configuration Debug for project led_brightness_pot ****
make -j16 all 
arm-none-eabi-gcc "../Src/main.c" -mcpu=cortex-m4 -std=gnu11 -g3 -DDEBUG -DSTM32 -DSTM32F4 -DSTM32F407VGTx -c -I../Inc -O0 -ffunction-sections -fdata-sections -Wall -fstack-usage -fcyclomatic-complexity -MMD -MP -MF"Src/main.d" -MT"Src/main.o" --specs=nano.specs -mfpu=fpv4-sp-d16 -mfloat-abi=hard -mthumb -o "Src/main.o"
arm-none-eabi-gcc -o "led_brightness_pot.elf" @"objects.list"   -mcpu=cortex-m4 -T"F:\STM32CubelDE Workspace\led_brightness_pot\STM32F407VGTX_FLASH.ld" --specs=nosys.specs -Wl,-Map="led_brightness_pot.map" -Wl,--gc-sections -static --specs=nano.specs -mfpu=fpv4-sp-d16 -mfloat-abi=hard -mthumb -Wl,--start-group -lc -lm -Wl,--end-group
Finished building target: led_brightness_pot.elf
 
arm-none-eabi-size  led_brightness_pot.elf 
arm-none-eabi-objdump -h -S led_brightness_pot.elf  > "led_brightness_pot.list"
   text	   data	    bss	    dec	    hex	filename
   1240	      8	   1568	   2816	    b00	led_brightness_pot.elf
Finished building: default.size.stdout
 
Finished building: led_brightness_pot.list
 

09:48:02 Build Finished. 0 errors, 0 warnings. (took 1s.39ms)

