12:49:14 **** Incremental Build of configuration Debug for project Timer ****
make -j16 all 
arm-none-eabi-gcc "../Src/main.c" -mcpu=cortex-m4 -std=gnu11 -g3 -DDEBUG -DSTM32 -DSTM32F4 -DSTM32F407VGTx -c -I../Inc -O0 -ffunction-sections -fdata-sections -Wall -fstack-usage -fcyclomatic-complexity -MMD -MP -MF"Src/main.d" -MT"Src/main.o" --specs=nano.specs -mfpu=fpv4-sp-d16 -mfloat-abi=hard -mthumb -o "Src/main.o"
arm-none-eabi-gcc -o "Timer.elf" @"objects.list"   -mcpu=cortex-m4 -T"F:\STM32CubelDE Workspace\Timer\STM32F407VGTX_FLASH.ld" --specs=nosys.specs -Wl,-Map="Timer.map" -Wl,--gc-sections -static --specs=nano.specs -mfpu=fpv4-sp-d16 -mfloat-abi=hard -mthumb -Wl,--start-group -lc -lm -Wl,--end-group
Finished building target: Timer.elf
 
arm-none-eabi-size  Timer.elf 
arm-none-eabi-objdump -h -S Timer.elf  > "Timer.list"
   text	   data	    bss	    dec	    hex	filename
    864	      8	   1568	   2440	    988	Timer.elf
Finished building: default.size.stdout
 
Finished building: Timer.list
 

12:49:15 Build Finished. 0 errors, 0 warnings. (took 1s.274ms)

